---
source: src/tui/app.rs
expression: terminal.backend()
---
"┌TODO List─────────────────────────────────────────────────────────────────────┐"
"│Status       Label                       Created            Updated           │"
"│NEW          buy groceries               2024-01-15 10:30   2024-01-15 10:30  │"
"│NEW          write tests                 2024-01-15 10:30   2024-01-15 10:30  │"
"│                                                                              │"
"│                                                                              │"
"│                                                                              │"
"│                                                                              │"
"│                                                                              │"
"│                                                                              │"
"│                                                                              │"
"│                                                                              │"
"│                                                                              │"
"│                                                                              │"
"│                                                                              │"
"│                                                                              │"
"│                                                                              │"
"│                                                                              │"
"│                                                                              │"
"│                                                                              │"
"│                                                                              │"
"│                                                                              │"
"│                                                                              │"
"└──────────────────────────────────────────────────────────────────────────────┘"
