---
source: src/tui/app.rs
expression: terminal.backend()
---
" Todo List │ Meetings │ Reflections                                             "
"┌Reflections───────────────────────────────────────────────────────────────────┐"
"│Label                                                       Updated           │"
"│General Reflection 2024-01-15 10:30                         2024-01-15 10:30  │"
"│                                                                              │"
"│                                                                              │"
"│                                                                              │"
"│                                                                              │"
"│                                                                              │"
"│                                                                              │"
"│                                                                              │"
"│                                                                              │"
"│                                                                              │"
"│                                                                              │"
"│                                                                              │"
"│                                                                              │"
"│                                                                              │"
"│                                                                              │"
"│                                                                              │"
"│                                                                              │"
"│                                                                              │"
"│                                                                              │"
"│                                                                              │"
"└──────────────────────────────────────────────────────────────────────────────┘"
