---
source: src/tui/timeline_view.rs
expression: output
---
"┌Note Timeline─────────────────────────────────────────────────────────────────┐"
"│## 📝 Note — 2024-01-15 10:30                                                 │" Hidden by multi-width symbols: [(5, " ")]
"│                                                                              │"
"│This is a note content                                                        │"
"│                                                                              │"
"│                                                                              │"
"│                                                                              │"
"│                                                                              │"
"│                                                                              │"
"│                                                                              │"
"│                                                                              │"
"│                                                                              │"
"│                                                                              │"
"│                                                                              │"
"│                                                                              │"
"│                                                                              │"
"│                                                                              │"
"│                                                                              │"
"│                                                                              │"
"│                                                                              │"
"│                                                                              │"
"│                                                                              │"
"│                                                                              │"
"└──────────────────────────────────────────────────────────────────────────────┘"
