---
source: src/tui/app.rs
expression: terminal.backend()
---
" Todo List │ Meetings │ Reflections                                             "
"┌Meetings──────────────────────────────────────────────────────────────────────┐"
"│Name                  Scheduled          Created            Updated           │"
"│Standup               2024-01-15 10:30   2024-01-15 10:30   2024-01-15 10:30  │"
"│                                                                              │"
"│                                                                              │"
"│                                                                              │"
"│         ┌Add Meeting───────────────────────────────────────────────┐         │"
"│         │                                                          │         │"
"│         │ Name: █                                                  │         │"
"│         │                                                          │         │"
"│         │ When: 2024-01-15 10:30                                   │         │"
"│         │                                                          │         │"
"│         │                                                          │         │"
"│         │                                                          │         │"
"│         │                                                          │         │"
"│         │                                                          │         │"
"│         └──────────────────────────────────────────────────────────┘         │"
"│                                                                              │"
"│                                                                              │"
"│                                                                              │"
"│                                                                              │"
"│                                                                              │"
"└──────────────────────────────────────────────────────────────────────────────┘"
