---
source: src/tui/app.rs
expression: terminal.backend()
---
"┌TODO List─────────────────────────────────────────────────────────────────────┐"
"│Status       Label                                          Created           │"
"│NEW          buy groceries                                  2024-01-15 05:30  │"
"│NEW          write tests                                    2024-01-15 05:30  │"
"│                                                                              │"
"│                                                                              │"
"│                                                                              │"
"│                                                                              │"
"│                                                                              │"
"│                                                                              │"
"│                                                                              │"
"│                                                                              │"
"│                                                                              │"
"│                                                                              │"
"│                                                                              │"
"│                                                                              │"
"│                                                                              │"
"│                                                                              │"
"│                                                                              │"
"│                                                                              │"
"│                                                                              │"
"│                                                                              │"
"│                                                                              │"
"└──────────────────────────────────────────────────────────────────────────────┘"
