---
source: src/tui/app.rs
expression: terminal.backend()
---
" Todo List │ Meetings │ Reflections                                             "
"┌Reflections───────────────────────────────────────────────────────────────────┐"
"│                                                                              │"
"│                                                                              │"
"│                                                                              │"
"│                                                                              │"
"│                                                                              │"
"│                                                                              │"
"│                    ██   █   ██ █  █      █                                   │"
"│                    █ █ █ █  █  █ █ █     █  █          █                     │"
"│                    ██  ███ ███ █ ███  █ ███    █   █  █                      │"
"│                    █ █ █    █  █ █   █   █  █ █ █ █ █  █                     │"
"│                    █ █  ██  █  █  ██  █  █  █  █  █ █ █                      │"
"│                                                                              │"
"│                    v0.9.1 — by Peter Vlasveld                                │"
"│                                                                              │"
"│                                                                              │"
"│                                                                              │"
"│                                                                              │"
"│                                                                              │"
"│                                                                              │"
"│                                                                              │"
"│                                                                              │"
"└──────────────────────────────────────────────────────────────────────────────┘"
