---
source: src/tui/app.rs
assertion_line: 170
expression: terminal.backend()
---
"┌TODO List─────────────────────────────────────────────────────────────────────┐"
"│Status       Label                                          Created           │"
"│NEW          buy groceries                                  2024-01-15 10:30  │"
"│NEW          write tests                                    2024-01-15 10:30  │"
"│                                                                              │"
"│                                                                              │"
"│                                                                              │"
"│                                                                              │"
"│                                                                              │"
"│                                                                              │"
"│                                                                              │"
"│                                                                              │"
"│                                                                              │"
"│                                                                              │"
"│                                                                              │"
"│                                                                              │"
"│                                                                              │"
"│                                                                              │"
"│                                                                              │"
"│                                                                              │"
"│                                                                              │"
"│                                                                              │"
"│                                                                              │"
"└──────────────────────────────────────────────────────────────────────────────┘"
