---
source: src/tui/app.rs
expression: terminal.backend()
---
"┌Timeline: snapshot todo───────────────────────────────────────────────────────┐"
"│## 📋 Todo Created — 2024-01-15 10:30                                         │" Hidden by multi-width symbols: [(5, " ")]
"│                                                                              │"
"│snapshot todo                                                                 │"
"│                                                                              │"
"│                                                                              │"
"│                                                                              │"
"│                                                                              │"
"│                                                                              │"
"│                                                                              │"
"│                                                                              │"
"│                                                                              │"
"│                                                                              │"
"│                                                                              │"
"│                                                                              │"
"│                                                                              │"
"│                                                                              │"
"│                                                                              │"
"│                                                                              │"
"│                                                                              │"
"│                                                                              │"
"│                                                                              │"
"│                                                                              │"
"└──────────────────────────────────────────────────────────────────────────────┘"
