---
source: src/tui/app.rs
assertion_line: 185
expression: terminal.backend()
---
"┌TODO List─────────────────────────────────────────────────────────────────────┐"
"│[New] buy groceries — 2024-01-15 05:30                                        │"
"│                                                                              │"
"│                                                                              │"
"│                                                                              │"
"│                                                                              │"
"│                                                                              │"
"│                                                                              │"
"│         ┌Add Todo Item─────────────────────────────────────────────┐         │"
"│         │█                                                         │         │"
"│         │                                                          │         │"
"│         │                                                          │         │"
"│         │                                                          │         │"
"│         │                                                          │         │"
"│         └──────────────────────────────────────────────────────────┘         │"
"│                                                                              │"
"│                                                                              │"
"│                                                                              │"
"│                                                                              │"
"│                                                                              │"
"│                                                                              │"
"│                                                                              │"
"│                                                                              │"
"└──────────────────────────────────────────────────────────────────────────────┘"
